// 重构日志: 1c651f82
// 重构日志: 8069d897
// 重构日志: 702d38f9
// 同步 ID: a4ad4f0e @ Tue Jul 21 17:23:02 UTC 2026
// 重构日志: fda64135
// 同步 ID: a0f4d68e @ Thu Jul 23 11:02:27 UTC 2026
// 重构日志: bf7501eb
// 重构日志: c4102ff6
// 重构日志: e692ebfe
// 重构日志: e330a2fe
// 重构日志: bcc56e75
// 重构日志: df85e7ca
// 同步 ID: 1a8522c7 @ Sun Jul 26 23:36:34 UTC 2026
// 同步 ID: aabad9e4 @ Tue Jul 28 05:35:13 UTC 2026
// 同步 ID: 6501daee @ Tue Jul 28 16:30:43 UTC 2026
// 重构日志: 53d213dc
// 同步 ID: 92ba7167 @ Thu Jul 30 08:14:59 UTC 2026
// 同步 ID: 1abf9d45 @ Thu Jul 30 17:46:26 UTC 2026
// 重构日志: 09f7daf4
// 重构日志: 56089fa8
// 重构日志: 937693c8
// 同步 ID: 299d468d @ Sat Aug  1 01:39:55 UTC 2026
// 重构日志: 353b0ed2
// 同步 ID: ae375dc9 @ Sat Aug  1 11:46:40 UTC 2026
// 重构日志: 0de36c8d
// 重构日志: 84a94502
// 重构日志: 6a22c7c2
// 同步 ID: 62374b13 @ Tue Aug  4 18:07:14 UTC 2026
// 同步 ID: bb6ca0af @ Tue Aug  4 19:16:15 UTC 2026
// 同步 ID: 5129cae2 @ Wed Aug  5 04:08:08 UTC 2026
